[vara.navratrisale.org.in/index.html]
[vara.navratrisale.org.in/assets/images/logo.svg]
[backblue.gif]
[fade.gif]
[index.html]
[vara.navratrisale.org.in/assets/css/custom.css]
[vara.navratrisale.org.in/payment.html]
[vara.navratrisale.org.in/assets/images/logo.png]
[vara.navratrisale.org.in/assets/images/offer.png]
[vara.navratrisale.org.in/assets/images/5g.svg]
[vara.navratrisale.org.in/assets/images/jiotv.svg]
[vara.navratrisale.org.in/assets/images/jiocinema.svg]
[vara.navratrisale.org.in/assets/images/jiosavan.svg]
[vara.navratrisale.org.in/assets/images/jiocloud.svg]
[vara.navratrisale.org.in/assets/images/netflix.svg]
[vara.navratrisale.org.in/assets/images/amazonprime.svg]
[vara.navratrisale.org.in/assets/images/sony.svg]
[vara.navratrisale.org.in/assets/images/zee5.svg]
[img1.wsimg.com/signals/js/clients/scc-c2/scc-c2.min.js]
[vara.navratrisale.org.in/index.html]
[vara.navratrisale.org.in/assets/images/logo.svg]
[vara.navratrisale.org.in/assets/css/custom.css]
[vara.navratrisale.org.in/assets/images/favicon.ico]
[vara.navratrisale.org.in/assets/css/bootstrap.min.css]
[vara.navratrisale.org.in/assets/css/main1.css]
[vara.navratrisale.org.in/assets/js/jquery.min.js]
[cdn.jsdelivr.net/gh/davidshimjs/qrcodejs@gh-pages/qrcode.min.js]
[vara.navratrisale.org.in/assets/images/cod_lat.webm]
[vara.navratrisale.org.in/assets/images/upi_ppr.png]
[vara.navratrisale.org.in/assets/images/gpay_icon.svg.png]
[vara.navratrisale.org.in/assets/images/phonepe.svg]
[vara.navratrisale.org.in/assets/images/paytm.svg]
[vara.navratrisale.org.in/assets/images/th.jpg]
[vara.navratrisale.org.in/process_payment.php]
[vara.navratrisale.org.in/payment_success.html]
[vara.navratrisale.org.in/assets/js/bootstrap.min.js]
[vara.navratrisale.org.in/assets/js/jquery.lazyload.min.js]
[vara.navratrisale.org.in/payment.html]
[vara.navratrisale.org.in/assets/images/5g.svg]
[vara.navratrisale.org.in/assets/images/jiotv.svg]
[vara.navratrisale.org.in/assets/images/jiocinema.svg]
[vara.navratrisale.org.in/assets/images/jiosavan.svg]
[vara.navratrisale.org.in/assets/images/jiocloud.svg]
[vara.navratrisale.org.in/assets/images/netflix.svg]
[vara.navratrisale.org.in/assets/images/amazonprime.svg]
[vara.navratrisale.org.in/assets/images/sony.svg]
[vara.navratrisale.org.in/assets/images/zee5.svg]
[vara.navratrisale.org.in/index-2.html]
[vara.navratrisale.org.in/assets/css/bootstrap.min.css]
[vara.navratrisale.org.in/fonts/Mier_B02-Bold.html]
[vara.navratrisale.org.in/fonts/Mier_B02-Bold-2.html]
[vara.navratrisale.org.in/fonts/Mier_B02-Bold-3.html]
[vara.navratrisale.org.in/fonts/Mier_B02-Book.html]
[vara.navratrisale.org.in/fonts/Mier_B02-Book-2.html]
[vara.navratrisale.org.in/fonts/Mier_B02-Demi.html]
[vara.navratrisale.org.in/fonts/Mier_B02-Demi-2.html]
[vara.navratrisale.org.in/fonts/Mier_B02-Demi-3.html]
[vara.navratrisale.org.in/assets/css/..assets/images/search.html]
[vara.navratrisale.org.in/www.boat-lifestyle.com/cdn/shop/files/arrow665b665b.png]
[vara.navratrisale.org.in/assets/css/main1.css]
[vara.navratrisale.org.in/assets/js/jquery.min.js]
[vara.navratrisale.org.in/assets/images/phonepe.svg]
[vara.navratrisale.org.in/assets/images/paytm.svg]
[vara.navratrisale.org.in/process_payment.html]
[vara.navratrisale.org.in/payment_success.html]
[vara.navratrisale.org.in/popper.js]
[vara.navratrisale.org.in/assets/js/bootstrap.min.js]
[vara.navratrisale.org.in/assets/js/jquery.lazyload.min.js]
[vara.navratrisale.org.in/index-2.html]
[vara.navratrisale.org.in/fonts/Mier_B02-Bold.html]
[vara.navratrisale.org.in/fonts/Mier_B02-Bold-2.html]
[vara.navratrisale.org.in/fonts/Mier_B02-Bold-3.html]
[vara.navratrisale.org.in/fonts/Mier_B02-Book.html]
[vara.navratrisale.org.in/fonts/Mier_B02-Book-2.html]
[vara.navratrisale.org.in/fonts/Mier_B02-Demi.html]
[vara.navratrisale.org.in/fonts/Mier_B02-Demi-2.html]
[vara.navratrisale.org.in/fonts/Mier_B02-Demi-3.html]
[vara.navratrisale.org.in/assets/css/..assets/images/search.html]
[vara.navratrisale.org.in/www.boat-lifestyle.com/cdn/shop/files/arrow665b665b.html]
[vara.navratrisale.org.in/popper.html]
[sony-blackbrocandiospeake.shop/assets/libs/font-awesome/6.5.1/css/all.min.css]
